
> bountyforge@0.0.1 build
> vite build

[36mvite v5.4.21 [32mbuilding SSR bundle for production...[36m[39m
transforming...
9:17:31 AM [vite-plugin-svelte] src/routes/explore/+page.svelte:10:26 This reference only captures the initial value of `search`. Did you mean to reference it inside a derived instead?
https://svelte.dev/e/state_referenced_locally
 8:   let category = $derived(data.category);
 9: 
10:   let searchValue = $state(search || '');
                                     ^
11:   let selectedCategory = $state(category || '');
12: </script>
9:17:31 AM [vite-plugin-svelte] src/routes/explore/+page.svelte:11:31 This reference only captures the initial value of `category`. Did you mean to reference it inside a derived instead?
https://svelte.dev/e/state_referenced_locally
 9: 
10:   let searchValue = $state(search || '');
11:   let selectedCategory = $state(category || '');
                                            ^
12: </script>
13: 
9:17:31 AM [vite-plugin-svelte] src/routes/login/+page.svelte:8:4 Buttons and links should either contain text or have an `aria-label`, `aria-labelledby` or `title` attribute
https://svelte.dev/e/a11y_consider_explicit_label
 6:     <div class="card p-8">
 7:       <div class="text-center mb-8">
 8:         <a href="/" class="inline-flex items-center gap-2 mb-6">
                ^
 9:           <div class="w-10 h-10 rounded-xl bg-gradient-to-br from-amber-500 to-orange-600 flex items-center justify-center">
10:             <svg class="w-6 h-6 text-white" viewBox="0 0 24 24" fill="none">
src/routes/dev/dashboard/+page.svelte (3:20): "getOnboardingStatus" is not exported by "src/lib/server/rbac/index.ts", imported by "src/routes/dev/dashboard/+page.svelte".
"optionsMiddleware" is imported from external module "@better-auth/core/api" but never used in "node_modules/better-auth/dist/api/index.mjs".
"index" is imported from external module "drizzle-orm/sqlite-core" but never used in "src/lib/server/db/auth.schema.ts".
[32mΓ£ô[39m 282 modules transformed.
Generated an empty chunk: "entries/endpoints/auth/google/_server.ts".
rendering chunks...
[36mvite v5.4.21 [32mbuilding for production...[36m[39m
transforming...
9:17:51 AM [vite-plugin-svelte] src/routes/explore/+page.svelte:10:26 This reference only captures the initial value of `search`. Did you mean to reference it inside a derived instead?
https://svelte.dev/e/state_referenced_locally
 8:   let category = $derived(data.category);
 9: 
10:   let searchValue = $state(search || '');
                                     ^
11:   let selectedCategory = $state(category || '');
12: </script>
9:17:51 AM [vite-plugin-svelte] src/routes/explore/+page.svelte:11:31 This reference only captures the initial value of `category`. Did you mean to reference it inside a derived instead?
https://svelte.dev/e/state_referenced_locally
 9: 
10:   let searchValue = $state(search || '');
11:   let selectedCategory = $state(category || '');
                                            ^
12: </script>
13: 
9:17:51 AM [vite-plugin-svelte] src/routes/login/+page.svelte:8:4 Buttons and links should either contain text or have an `aria-label`, `aria-labelledby` or `title` attribute
https://svelte.dev/e/a11y_consider_explicit_label
 6:     <div class="card p-8">
 7:       <div class="text-center mb-8">
 8:         <a href="/" class="inline-flex items-center gap-2 mb-6">
                ^
 9:           <div class="w-10 h-10 rounded-xl bg-gradient-to-br from-amber-500 to-orange-600 flex items-center justify-center">
10:             <svg class="w-6 h-6 text-white" viewBox="0 0 24 24" fill="none">
[32mΓ£ô[39m 62 modules transformed.
x Build failed in 380ms
x Build failed in 20.04s
error during build:
[vite-plugin-sveltekit-compile] [vite-plugin-sveltekit-guard] Could not load C:/Users/MIRP/development/personal/openlink/src/lib/server/rbac/admin.ts (imported by src/routes/admin/dashboard/+page.svelte): Cannot import $lib/server/rbac/admin.ts into code that runs in the browser, as this could leak sensitive information.

 src/routes/admin/dashboard/+page.svelte imports
  $lib/server/rbac/admin.ts

If you're only using the import as a type, change it to `import type`.


